
$ git fetch origin main
From https://github.com/DrYGuo/Aberration-Simulation
 * branch            main       -> FETCH_HEAD

$ git pull --ff-only origin main
From https://github.com/DrYGuo/Aberration-Simulation
 * branch            main       -> FETCH_HEAD
Already up to date.

$ python3 scripts/run_model_selection_candidate.py --family enhanced --candidate-id D66_width128_lr4e-4_dropout0.05 --search-root training_results --output-root training_results/model_selection_loop --hidden-dim 128 --dropout 0.05 --learning-rate 4e-4 --weight-decay 1e-4 --residual-penalty 3e-3 --max-epochs 6000 --eval-every 25 --patience-epochs 1000 --easy-regression-limit 0.10 --bootstrap-if-missing --bootstrap-notebook notebooks/uno_feature_regression_enhanced_dataset_bootstrap.ipynb --bootstrap-timeout 3600
$ /usr/bin/python3 scripts/run_notebook_headless.py notebooks/uno_feature_regression_enhanced_dataset_bootstrap.ipynb --output-dir colab_worker_logs --timeout 3600
$ /usr/local/bin/jupyter nbconvert --to notebook --execute /content/Aberration-Simulation/notebooks/uno_feature_regression_enhanced_dataset_bootstrap.ipynb --output uno_feature_regression_enhanced_dataset_bootstrap_executed_20260606_102045_utc.ipynb --output-dir /content/Aberration-Simulation/colab_worker_logs --ExecutePreprocessor.timeout=3600
[NbConvertApp] Converting notebook /content/Aberration-Simulation/notebooks/uno_feature_regression_enhanced_dataset_bootstrap.ipynb to notebook
/usr/local/lib/python3.12/dist-packages/nbformat/__init__.py:96: MissingIDFieldWarning: Cell is missing an id field, this will become a hard error in future nbformat versions. You may want to use `normalize()` on your notebooks before validations (available since nbformat 5.1.4). Previous versions of nbformat are fixing this issue transparently, and will stop doing so in the future.
  validate(nb)
0.00s - Debugger warning: It seems that frozen modules are being used, which may
0.00s - make the debugger miss breakpoints. Please pass -Xfrozen_modules=off
0.00s - to python to disable frozen modules.
0.00s - Note: Debugging will proceed. Set PYDEVD_DISABLE_FILE_VALIDATION=1 to disable this validation.
0.00s - Debugger warning: It seems that frozen modules are being used, which may
0.00s - make the debugger miss breakpoints. Please pass -Xfrozen_modules=off
0.00s - to python to disable frozen modules.
0.00s - Note: Debugging will proceed. Set PYDEVD_DISABLE_FILE_VALIDATION=1 to disable this validation.
[NbConvertApp] ERROR | unhandled iopub msg: colab_request
[NbConvertApp] ERROR | unhandled iopub msg: colab_request
[NbConvertApp] ERROR | unhandled iopub msg: colab_request
From https://github.com/DrYGuo/Aberration-Simulation
 * branch            main       -> FETCH_HEAD
HEAD is now at ab8cc1a Bootstrap enhanced dataset for model loop
[NbConvertApp] Writing 65836 bytes to /content/Aberration-Simulation/colab_worker_logs/uno_feature_regression_enhanced_dataset_bootstrap_executed_20260606_102045_utc.ipynb
manifest: /content/Aberration-Simulation/colab_worker_logs/uno_feature_regression_enhanced_dataset_bootstrap_executed_20260606_102045_utc.json
candidate: D66_width128_lr4e-4_dropout0.05
family: enhanced
source CSV: /content/Aberration-Simulation/training_results/feature_regression_enhanced/enhanced_v2_coupled16k_stratified_dropout_20260606_102054_utc/training_features_enhanced.csv
features: 66
output: training_results/model_selection_loop/D66_width128_lr4e-4_dropout0.05_20260606_102435_utc
epoch     1 train=1.549879 test=1.528889
epoch    25 train=1.059415 test=1.047729
epoch    50 train=0.612459 test=0.611516
epoch    75 train=0.388684 test=0.393351
epoch   100 train=0.278727 test=0.283055
epoch   125 train=0.225301 test=0.229176
epoch   150 train=0.194779 test=0.198887
epoch   175 train=0.173786 test=0.178528
epoch   200 train=0.158259 test=0.163880
epoch   225 train=0.145878 test=0.152341
epoch   250 train=0.134952 test=0.142705
epoch   275 train=0.125504 test=0.134264
epoch   300 train=0.117280 test=0.127162
epoch   325 train=0.110399 test=0.120907
epoch   350 train=0.104593 test=0.115724
epoch   375 train=0.099629 test=0.111602
epoch   400 train=0.095231 test=0.107679
epoch   425 train=0.091210 test=0.104048
epoch   450 train=0.087572 test=0.101089
epoch   475 train=0.084350 test=0.098415
epoch   500 train=0.081423 test=0.096022
epoch   525 train=0.078656 test=0.093818
epoch   550 train=0.076069 test=0.091574
epoch   575 train=0.073793 test=0.089692
epoch   600 train=0.071842 test=0.087938
epoch   625 train=0.069746 test=0.086490
epoch   650 train=0.067884 test=0.085189
epoch   675 train=0.066111 test=0.083684
epoch   700 train=0.064374 test=0.082311
epoch   725 train=0.062658 test=0.081005
epoch   750 train=0.061117 test=0.079655
epoch   775 train=0.059672 test=0.078614
epoch   800 train=0.058422 test=0.077451
epoch   825 train=0.056971 test=0.076494
epoch   850 train=0.055920 test=0.075746
epoch   875 train=0.054634 test=0.074691
epoch   900 train=0.053399 test=0.073810
epoch   925 train=0.052279 test=0.073043
epoch   950 train=0.051276 test=0.072327
epoch   975 train=0.050249 test=0.071527
epoch  1000 train=0.049157 test=0.070759
epoch  1025 train=0.048230 test=0.069968
epoch  1050 train=0.047289 test=0.069467
epoch  1075 train=0.046377 test=0.068940
epoch  1100 train=0.045440 test=0.068131
epoch  1125 train=0.044541 test=0.067557
epoch  1150 train=0.043863 test=0.067235
epoch  1175 train=0.043013 test=0.066727
epoch  1200 train=0.042224 test=0.065900
epoch  1225 train=0.041461 test=0.065299
epoch  1250 train=0.040761 test=0.064936
epoch  1275 train=0.040090 test=0.064539
epoch  1300 train=0.039405 test=0.064191
epoch  1325 train=0.038787 test=0.064013
epoch  1350 train=0.038033 test=0.063244
epoch  1375 train=0.037523 test=0.063083
epoch  1400 train=0.036861 test=0.062555
epoch  1425 train=0.036325 test=0.062232
epoch  1450 train=0.035764 test=0.061800
epoch  1475 train=0.035138 test=0.061453
epoch  1500 train=0.034611 test=0.060948
epoch  1525 train=0.034219 test=0.060683
epoch  1550 train=0.033658 test=0.060547
epoch  1575 train=0.033258 test=0.060372
epoch  1600 train=0.032747 test=0.060083
epoch  1625 train=0.032201 test=0.059731
epoch  1650 train=0.031782 test=0.059438
epoch  1675 train=0.031421 test=0.059079
epoch  1700 train=0.030889 test=0.058963
epoch  1725 train=0.030510 test=0.058832
epoch  1750 train=0.030092 test=0.058317
epoch  1775 train=0.029703 test=0.058181
epoch  1800 train=0.029275 test=0.057998
epoch  1825 train=0.029003 test=0.057734
epoch  1850 train=0.028584 test=0.057716
epoch  1875 train=0.028218 test=0.057418
epoch  1900 train=0.027847 test=0.056845
epoch  1925 train=0.027505 test=0.056974
epoch  1950 train=0.027146 test=0.056576
epoch  1975 train=0.026821 test=0.056324
epoch  2000 train=0.026445 test=0.056000
epoch  2025 train=0.026092 test=0.055847
epoch  2050 train=0.025762 test=0.055851
epoch  2075 train=0.025652 test=0.055744
epoch  2100 train=0.025312 test=0.055525
epoch  2125 train=0.024947 test=0.055354
epoch  2150 train=0.024579 test=0.054775
epoch  2175 train=0.024355 test=0.055003
epoch  2200 train=0.024166 test=0.054854
epoch  2225 train=0.023831 test=0.054531
epoch  2250 train=0.023465 test=0.054431
epoch  2275 train=0.023294 test=0.054170
epoch  2300 train=0.023067 test=0.053938
epoch  2325 train=0.022785 test=0.053918
epoch  2350 train=0.022461 test=0.053618
epoch  2375 train=0.022307 test=0.053321
epoch  2400 train=0.021948 test=0.053464
epoch  2425 train=0.021801 test=0.053102
epoch  2450 train=0.021586 test=0.052958
epoch  2475 train=0.021334 test=0.052651
epoch  2500 train=0.021054 test=0.052668
epoch  2525 train=0.020906 test=0.052368
epoch  2550 train=0.020612 test=0.052247
epoch  2575 train=0.020329 test=0.052020
epoch  2600 train=0.020276 test=0.052033
epoch  2625 train=0.020035 test=0.052013
epoch  2650 train=0.019905 test=0.051706
epoch  2675 train=0.019718 test=0.051718
epoch  2700 train=0.019434 test=0.051362
epoch  2725 train=0.019194 test=0.050901
epoch  2750 train=0.019059 test=0.051178
epoch  2775 train=0.018778 test=0.050811
epoch  2800 train=0.018718 test=0.050770
epoch  2825 train=0.018496 test=0.050754
epoch  2850 train=0.018452 test=0.050498
epoch  2875 train=0.018251 test=0.050424
epoch  2900 train=0.017962 test=0.050176
epoch  2925 train=0.017883 test=0.050017
epoch  2950 train=0.017716 test=0.049824
epoch  2975 train=0.017472 test=0.049833
epoch  3000 train=0.017347 test=0.049633
epoch  3025 train=0.017208 test=0.049630
epoch  3050 train=0.017125 test=0.049532
epoch  3075 train=0.017018 test=0.049259
epoch  3100 train=0.016691 test=0.049181
epoch  3125 train=0.016589 test=0.049128
epoch  3150 train=0.016510 test=0.048880
epoch  3175 train=0.016372 test=0.048756
epoch  3200 train=0.016151 test=0.048487
epoch  3225 train=0.016092 test=0.048559
epoch  3250 train=0.015989 test=0.048457
epoch  3275 train=0.015826 test=0.048374
epoch  3300 train=0.015883 test=0.048242
epoch  3325 train=0.015552 test=0.048189
epoch  3350 train=0.015539 test=0.048030
epoch  3375 train=0.015385 test=0.047790
epoch  3400 train=0.015275 test=0.047929
epoch  3425 train=0.015192 test=0.047812
epoch  3450 train=0.015029 test=0.047648
epoch  3475 train=0.014861 test=0.047328
epoch  3500 train=0.014805 test=0.047277
epoch  3525 train=0.014781 test=0.047371
epoch  3550 train=0.014637 test=0.047215
epoch  3575 train=0.014528 test=0.047141
epoch  3600 train=0.014498 test=0.047083
epoch  3625 train=0.014338 test=0.046919
epoch  3650 train=0.014197 test=0.046831
epoch  3675 train=0.014187 test=0.046936
epoch  3700 train=0.014029 test=0.046519
epoch  3725 train=0.013930 test=0.046558
epoch  3750 train=0.013899 test=0.046649
epoch  3775 train=0.013827 test=0.046380
epoch  3800 train=0.013649 test=0.046311
epoch  3825 train=0.013722 test=0.046330
epoch  3850 train=0.013527 test=0.046135
epoch  3875 train=0.013473 test=0.046120
epoch  3900 train=0.013317 test=0.045859
epoch  3925 train=0.013354 test=0.045974
epoch  3950 train=0.013221 test=0.046053
epoch  3975 train=0.013141 test=0.045852
epoch  4000 train=0.012975 test=0.045639
epoch  4025 train=0.012967 test=0.045730
epoch  4050 train=0.012899 test=0.045666
epoch  4075 train=0.012803 test=0.045364
epoch  4100 train=0.012767 test=0.045437
epoch  4125 train=0.012628 test=0.045341
epoch  4150 train=0.012682 test=0.045314
epoch  4175 train=0.012565 test=0.045257
epoch  4200 train=0.012535 test=0.045243
epoch  4225 train=0.012396 test=0.045215
epoch  4250 train=0.012340 test=0.045190
epoch  4275 train=0.012379 test=0.045067
epoch  4300 train=0.012315 test=0.045123
epoch  4325 train=0.012152 test=0.044998
epoch  4350 train=0.012115 test=0.044710
epoch  4375 train=0.012079 test=0.044698
epoch  4400 train=0.012007 test=0.044720
epoch  4425 train=0.011934 test=0.044597
epoch  4450 train=0.011884 test=0.044522
epoch  4475 train=0.011872 test=0.044492
epoch  4500 train=0.011801 test=0.044405
epoch  4525 train=0.011664 test=0.044424
epoch  4550 train=0.011682 test=0.044304
epoch  4575 train=0.011632 test=0.044199
epoch  4600 train=0.011477 test=0.044102
epoch  4625 train=0.011541 test=0.044297
epoch  4650 train=0.011367 test=0.044201
epoch  4675 train=0.011397 test=0.044227
epoch  4700 train=0.011352 test=0.044174
epoch  4725 train=0.011256 test=0.044024
epoch  4750 train=0.011181 test=0.043855
epoch  4775 train=0.011301 test=0.043964
epoch  4800 train=0.011166 test=0.043877
epoch  4825 train=0.011080 test=0.043731
epoch  4850 train=0.011073 test=0.043739
epoch  4875 train=0.011046 test=0.043600
epoch  4900 train=0.011005 test=0.043903
epoch  4925 train=0.010922 test=0.043572
epoch  4950 train=0.010878 test=0.043442
epoch  4975 train=0.010858 test=0.043593
epoch  5000 train=0.010813 test=0.043378
epoch  5025 train=0.010800 test=0.043376
epoch  5050 train=0.010731 test=0.043243
epoch  5075 train=0.010763 test=0.043468
epoch  5100 train=0.010669 test=0.043032
epoch  5125 train=0.010623 test=0.043162
epoch  5150 train=0.010547 test=0.043231
epoch  5175 train=0.010552 test=0.043193
epoch  5200 train=0.010465 test=0.043085
epoch  5225 train=0.010473 test=0.042892
epoch  5250 train=0.010387 test=0.042765
epoch  5275 train=0.010361 test=0.042993
epoch  5300 train=0.010370 test=0.042868
epoch  5325 train=0.010366 test=0.042971
epoch  5350 train=0.010300 test=0.042810
epoch  5375 train=0.010214 test=0.042760
epoch  5400 train=0.010220 test=0.042743
epoch  5425 train=0.010225 test=0.042549
epoch  5450 train=0.010139 test=0.042632
epoch  5475 train=0.010142 test=0.042761
epoch  5500 train=0.010057 test=0.042675
epoch  5525 train=0.009991 test=0.042401
epoch  5550 train=0.010092 test=0.042695
epoch  5575 train=0.010020 test=0.042608
epoch  5600 train=0.010014 test=0.042610
epoch  5625 train=0.009918 test=0.042390
epoch  5650 train=0.009981 test=0.042446
epoch  5675 train=0.009901 test=0.042520
epoch  5700 train=0.009895 test=0.042347
epoch  5725 train=0.009866 test=0.042106
epoch  5750 train=0.009759 test=0.042237
epoch  5775 train=0.009773 test=0.042191
epoch  5800 train=0.009732 test=0.042219
epoch  5825 train=0.009646 test=0.042190
epoch  5850 train=0.009637 test=0.042145
epoch  5875 train=0.009634 test=0.042159
epoch  5900 train=0.009587 test=0.042037
epoch  5925 train=0.009590 test=0.042008
epoch  5950 train=0.009507 test=0.041892
epoch  5975 train=0.009597 test=0.042052
epoch  6000 train=0.009626 test=0.041873
metrics: training_results/model_selection_loop/D66_width128_lr4e-4_dropout0.05_20260606_102435_utc/metrics_model_loop.json
selection: training_results/model_selection_loop/D66_width128_lr4e-4_dropout0.05_20260606_102435_utc/selection_score.json
weighted_score: 4.0120545566082
rejected: False []

$ git config user.name 'Colab Regression Worker'

$ git config user.email colab-regression-worker@users.noreply.github.com

$ git add --force -- colab_worker_logs/colab_worker_cycle_03_20260606_030642_utc.json colab_worker_logs/colab_worker_cycle_07_20260606_032821_utc.json colab_worker_logs/colab_worker_cycle_03_20260606_025207_utc.json colab_worker_logs/colab_worker_cycle_11_20260606_083544_utc.json colab_worker_logs/colab_worker_cycle_09_20260606_032952_utc.json colab_worker_logs/colab_worker_cycle_05_20260606_025747_utc.json colab_worker_logs/colab_worker_cycle_05_20260606_023734_utc.json colab_worker_logs/colab_worker_cycle_10_20260606_031207_utc.json colab_worker_logs/colab_worker_cycle_01_20260606_023529_utc.json colab_worker_logs/colab_worker_cycle_04_20260606_024606_utc.json colab_worker_logs/colab_worker_notebook_smoke_executed_20260606_025512_utc.json colab_worker_logs/colab_worker_cycle_03_20260606_025632_utc.json colab_worker_logs/colab_worker_cycle_06_20260606_030901_utc.json colab_worker_logs/colab_worker_cycle_02_20260606_024503_utc.json colab_worker_logs/uno_feature_regression_enhanced_dataset_bootstrap_executed_20260606_102045_utc.json colab_worker_logs/colab_worker_cycle_04_20260606_030728_utc.json colab_worker_logs/colab_worker_cycle_01_20260606_030509_utc.json colab_worker_logs/colab_worker_cycle_03_20260606_024534_utc.json colab_worker_logs/colab_worker_notebook_smoke_executed_20260606_025741_utc.json colab_worker_logs/colab_worker_cycle_09_20260606_083240_utc.json colab_worker_logs/colab_worker_cycle_05_20260606_082600_utc.json colab_worker_logs/colab_worker_cycle_02_20260606_030555_utc.json colab_worker_logs/colab_worker_cycle_08_20260606_032907_utc.json colab_worker_logs/colab_worker_cycle_04_20260606_082413_utc.json colab_worker_logs/colab_worker_cycle_12_20260606_083701_utc.json colab_worker_logs/colab_worker_cycle_01_20260606_081951_utc.json colab_worker_logs/colab_worker_cycle_05_20260606_032650_utc.json colab_worker_logs/colab_worker_cycle_09_20260606_031120_utc.json colab_worker_logs/colab_worker_cycle_02_20260606_025136_utc.json colab_worker_logs/colab_worker_cycle_03_20260606_032519_utc.json colab_worker_logs/colab_worker_cycle_04_20260606_025710_utc.json colab_worker_logs/colab_worker_cycle_02_20260606_025556_utc.json colab_worker_logs/colab_worker_notebook_smoke_executed_20260606_025627_utc.json colab_worker_logs/colab_worker_cycle_12_20260606_033208_utc.json colab_worker_logs/colab_worker_cycle_02_20260606_082108_utc.json colab_worker_logs/colab_worker_cycle_04_20260606_023703_utc.json colab_worker_logs/colab_worker_cycle_01_20260606_093303_utc.json colab_worker_logs/colab_worker_cycle_02_20260606_023600_utc.json colab_worker_logs/colab_worker_cycle_11_20260606_031253_utc.json colab_worker_logs/colab_worker_cycle_01_20260606_024431_utc.json colab_worker_logs/colab_worker_cycle_08_20260606_083052_utc.json colab_worker_logs/colab_worker_cycle_01_20260606_032349_utc.json colab_worker_logs/colab_worker_cycle_01_20260606_025518_utc.json colab_worker_logs/colab_worker_cycle_07_20260606_030947_utc.json colab_worker_logs/colab_worker_cycle_06_20260606_032736_utc.json colab_worker_logs/colab_worker_cycle_06_20260606_082717_utc.json colab_worker_logs/colab_worker_cycle_05_20260606_024637_utc.json colab_worker_logs/colab_worker_cycle_10_20260606_083357_utc.json colab_worker_logs/colab_worker_cycle_02_20260606_032434_utc.json colab_worker_logs/colab_worker_notebook_smoke_executed_20260606_025704_utc.json colab_worker_logs/colab_worker_cycle_03_20260606_023631_utc.json colab_worker_logs/colab_worker_cycle_05_20260606_030814_utc.json colab_worker_logs/colab_worker_notebook_smoke_executed_20260606_025550_utc.json colab_worker_logs/colab_worker_cycle_01_20260606_025104_utc.json colab_worker_logs/colab_worker_cycle_03_20260606_082256_utc.json colab_worker_logs/colab_worker_cycle_05_20260606_025310_utc.json colab_worker_logs/colab_worker_cycle_12_20260606_031340_utc.json colab_worker_logs/colab_worker_cycle_08_20260606_031034_utc.json colab_worker_logs/colab_worker_cycle_11_20260606_033123_utc.json colab_worker_logs/colab_worker_cycle_10_20260606_033038_utc.json colab_worker_logs/colab_worker_cycle_07_20260606_082905_utc.json colab_worker_logs/colab_worker_cycle_04_20260606_032605_utc.json colab_worker_logs/colab_worker_cycle_04_20260606_025239_utc.json colab_worker_logs/colab_worker_20260606_102044_utc.log training_results/model_selection_loop/D66_width128_lr4e-4_dropout0.05_20260606_102435_utc/run_manifest_model_loop.json training_results/model_selection_loop/D66_width128_lr4e-4_dropout0.05_20260606_102435_utc/metrics_model_loop.json training_results/model_selection_loop/D66_width128_lr4e-4_dropout0.05_20260606_102435_utc/selection_score.json training_results/model_selection_loop/D66_width128_lr4e-4_dropout0.05_20260606_102435_utc/model_registry_model_loop.csv training_results/model_selection_loop/D66_width128_lr4e-4_dropout0.05_20260606_102435_utc/feature_scale_summary.csv training_results/model_selection_loop/D66_width128_lr4e-4_dropout0.05_20260606_102435_utc/training_history_summary.csv training_results/model_selection_loop/D66_width128_lr4e-4_dropout0.05_20260606_102435_utc/target_scale_summary.csv training_results/model_selection_loop/D66_width128_lr4e-4_dropout0.05_20260606_102435_utc/prediction_scatter_model_loop.png training_results/model_selection_loop/D66_width128_lr4e-4_dropout0.05_20260606_102435_utc/training_history_model_loop.png colab_worker_logs/colab_worker_cycle_01_20260606_102529_utc.json

$ git commit -m 'Add Colab model-loop artifacts cycle 1/8'
[main 1e30b1d] Add Colab model-loop artifacts cycle 1/8
 12 files changed, 1269 insertions(+)
 create mode 100644 colab_worker_logs/colab_worker_20260606_102044_utc.log
 create mode 100644 colab_worker_logs/colab_worker_cycle_01_20260606_102529_utc.json
 create mode 100644 colab_worker_logs/uno_feature_regression_enhanced_dataset_bootstrap_executed_20260606_102045_utc.json
 create mode 100644 training_results/model_selection_loop/D66_width128_lr4e-4_dropout0.05_20260606_102435_utc/feature_scale_summary.csv
 create mode 100644 training_results/model_selection_loop/D66_width128_lr4e-4_dropout0.05_20260606_102435_utc/metrics_model_loop.json
 create mode 100644 training_results/model_selection_loop/D66_width128_lr4e-4_dropout0.05_20260606_102435_utc/model_registry_model_loop.csv
 create mode 100644 training_results/model_selection_loop/D66_width128_lr4e-4_dropout0.05_20260606_102435_utc/prediction_scatter_model_loop.png
 create mode 100644 training_results/model_selection_loop/D66_width128_lr4e-4_dropout0.05_20260606_102435_utc/run_manifest_model_loop.json
 create mode 100644 training_results/model_selection_loop/D66_width128_lr4e-4_dropout0.05_20260606_102435_utc/selection_score.json
 create mode 100644 training_results/model_selection_loop/D66_width128_lr4e-4_dropout0.05_20260606_102435_utc/target_scale_summary.csv
 create mode 100644 training_results/model_selection_loop/D66_width128_lr4e-4_dropout0.05_20260606_102435_utc/training_history_model_loop.png
 create mode 100644 training_results/model_selection_loop/D66_width128_lr4e-4_dropout0.05_20260606_102435_utc/training_history_summary.csv

$ git push origin main
To https://github.com/DrYGuo/Aberration-Simulation.git
   ab8cc1a..1e30b1d  main -> main

$ git fetch origin main
From https://github.com/DrYGuo/Aberration-Simulation
 * branch            main       -> FETCH_HEAD

$ git pull --ff-only origin main
From https://github.com/DrYGuo/Aberration-Simulation
 * branch            main       -> FETCH_HEAD
Already up to date.

$ git fetch origin main
From https://github.com/DrYGuo/Aberration-Simulation
 * branch            main       -> FETCH_HEAD

$ git pull --ff-only origin main
From https://github.com/DrYGuo/Aberration-Simulation
 * branch            main       -> FETCH_HEAD
Already up to date.

$ git fetch origin main
From https://github.com/DrYGuo/Aberration-Simulation
 * branch            main       -> FETCH_HEAD

$ git pull --ff-only origin main
From https://github.com/DrYGuo/Aberration-Simulation
 * branch            main       -> FETCH_HEAD
Already up to date.

$ git fetch origin main
From https://github.com/DrYGuo/Aberration-Simulation
 * branch            main       -> FETCH_HEAD

$ git pull --ff-only origin main
From https://github.com/DrYGuo/Aberration-Simulation
 * branch            main       -> FETCH_HEAD
Already up to date.

$ git fetch origin main
From https://github.com/DrYGuo/Aberration-Simulation
 * branch            main       -> FETCH_HEAD

$ git pull --ff-only origin main
From https://github.com/DrYGuo/Aberration-Simulation
 * branch            main       -> FETCH_HEAD
Already up to date.

$ git fetch origin main
From https://github.com/DrYGuo/Aberration-Simulation
 * branch            main       -> FETCH_HEAD

$ git pull --ff-only origin main
From https://github.com/DrYGuo/Aberration-Simulation
 * branch            main       -> FETCH_HEAD
Already up to date.

$ git fetch origin main
From https://github.com/DrYGuo/Aberration-Simulation
 * branch            main       -> FETCH_HEAD

$ git pull --ff-only origin main
From https://github.com/DrYGuo/Aberration-Simulation
 * branch            main       -> FETCH_HEAD
Already up to date.

$ git fetch origin main
From https://github.com/DrYGuo/Aberration-Simulation
 * branch            main       -> FETCH_HEAD

$ git pull --ff-only origin main
From https://github.com/DrYGuo/Aberration-Simulation
 * branch            main       -> FETCH_HEAD
Already up to date.

$ git fetch origin main
From https://github.com/DrYGuo/Aberration-Simulation
 * branch            main       -> FETCH_HEAD

$ git pull --ff-only origin main
From https://github.com/DrYGuo/Aberration-Simulation
 * branch            main       -> FETCH_HEAD
Already up to date.

$ git fetch origin main
From https://github.com/DrYGuo/Aberration-Simulation
 * branch            main       -> FETCH_HEAD

$ git pull --ff-only origin main
From https://github.com/DrYGuo/Aberration-Simulation
 * branch            main       -> FETCH_HEAD
Already up to date.

$ git fetch origin main
From https://github.com/DrYGuo/Aberration-Simulation
 * branch            main       -> FETCH_HEAD
   1e30b1d..3913f5f  main       -> origin/main

$ git pull --ff-only origin main
From https://github.com/DrYGuo/Aberration-Simulation
 * branch            main       -> FETCH_HEAD
Updating 1e30b1d..3913f5f
Fast-forward
 .../enhanced_v2_architecture_d_metrics.json        | 405 +++++++++++++++++++++
 experiments/colab_worker_model_loop.json           |  10 +-
 2 files changed, 411 insertions(+), 4 deletions(-)
 create mode 100644 experiments/baselines/enhanced_v2_architecture_d_metrics.json

$ python3 scripts/run_model_selection_candidate.py --family enhanced --candidate-id D66_width128_lr6e-4_dropout0.05 --search-root training_results --output-root training_results/model_selection_loop --hidden-dim 128 --dropout 0.05 --learning-rate 6e-4 --weight-decay 1e-4 --residual-penalty 3e-3 --max-epochs 6000 --eval-every 25 --patience-epochs 1000 --easy-regression-limit 0.10 --baseline-metrics experiments/baselines/enhanced_v2_architecture_d_metrics.json --bootstrap-if-missing --bootstrap-notebook notebooks/uno_feature_regression_enhanced_dataset_bootstrap.ipynb --bootstrap-timeout 3600
candidate: D66_width128_lr6e-4_dropout0.05
family: enhanced
source CSV: /content/Aberration-Simulation/training_results/feature_regression_enhanced/enhanced_v2_coupled16k_stratified_dropout_20260606_102054_utc/training_features_enhanced.csv
features: 66
output: training_results/model_selection_loop/D66_width128_lr6e-4_dropout0.05_20260606_103035_utc
epoch     1 train=1.586043 test=1.586130
epoch    25 train=0.856662 test=0.857161
epoch    50 train=0.433515 test=0.435495
epoch    75 train=0.280454 test=0.284319
epoch   100 train=0.214683 test=0.219783
epoch   125 train=0.183909 test=0.189738
epoch   150 train=0.164602 test=0.171150
epoch   175 train=0.149653 test=0.157238
epoch   200 train=0.136316 test=0.145096
epoch   225 train=0.123661 test=0.133825
epoch   250 train=0.112266 test=0.123769
epoch   275 train=0.103100 test=0.115708
epoch   300 train=0.095918 test=0.109524
epoch   325 train=0.090077 test=0.104867
epoch   350 train=0.085306 test=0.100901
epoch   375 train=0.081055 test=0.097205
epoch   400 train=0.077456 test=0.094242
epoch   425 train=0.073992 test=0.091292
epoch   450 train=0.071007 test=0.088806
epoch   475 train=0.068237 test=0.086427
epoch   500 train=0.065616 test=0.084213
epoch   525 train=0.063355 test=0.082342
epoch   550 train=0.061068 test=0.080494
epoch   575 train=0.059053 test=0.078913
epoch   600 train=0.057020 test=0.077439
epoch   625 train=0.055371 test=0.075680
epoch   650 train=0.053572 test=0.074249
epoch   675 train=0.051947 test=0.073118
epoch   700 train=0.050284 test=0.071896
epoch   725 train=0.049058 test=0.070764
epoch   750 train=0.047710 test=0.069550
epoch   775 train=0.046226 test=0.068617
epoch   800 train=0.045091 test=0.067755
epoch   825 train=0.043876 test=0.066999
epoch   850 train=0.042778 test=0.065879
epoch   875 train=0.041661 test=0.065155
epoch   900 train=0.040694 test=0.064546
epoch   925 train=0.039504 test=0.063543
epoch   950 train=0.038569 test=0.063022
epoch   975 train=0.037825 test=0.062266
epoch  1000 train=0.037062 test=0.061882
epoch  1025 train=0.036251 test=0.061170
epoch  1050 train=0.035296 test=0.060776
epoch  1075 train=0.034540 test=0.059934
epoch  1100 train=0.033666 test=0.059191
epoch  1125 train=0.033093 test=0.058906
epoch  1150 train=0.032462 test=0.058401
epoch  1175 train=0.031800 test=0.058019
epoch  1200 train=0.031172 test=0.057578
epoch  1225 train=0.030529 test=0.057317
epoch  1250 train=0.029897 test=0.057044
epoch  1275 train=0.029391 test=0.056645
epoch  1300 train=0.028848 test=0.056199
epoch  1325 train=0.028424 test=0.055793
epoch  1350 train=0.027862 test=0.055506
epoch  1375 train=0.027337 test=0.055218
epoch  1400 train=0.026918 test=0.054799
epoch  1425 train=0.026533 test=0.054354
epoch  1450 train=0.026015 test=0.054125
epoch  1475 train=0.025813 test=0.054192
epoch  1500 train=0.025160 test=0.053619
epoch  1525 train=0.024735 test=0.053256
epoch  1550 train=0.024389 test=0.053090
epoch  1575 train=0.024049 test=0.052941
epoch  1600 train=0.023786 test=0.052644
epoch  1625 train=0.023296 test=0.052372
epoch  1650 train=0.023002 test=0.052130
epoch  1675 train=0.022747 test=0.051764
epoch  1700 train=0.022432 test=0.051590
epoch  1725 train=0.022036 test=0.051588
epoch  1750 train=0.021769 test=0.051353
epoch  1775 train=0.021546 test=0.051260
epoch  1800 train=0.021233 test=0.051324
epoch  1825 train=0.020883 test=0.050590
epoch  1850 train=0.020701 test=0.050498
epoch  1875 train=0.020426 test=0.050538
epoch  1900 train=0.020148 test=0.050326
epoch  1925 train=0.019921 test=0.050111
epoch  1950 train=0.019613 test=0.049706
epoch  1975 train=0.019426 test=0.049883
epoch  2000 train=0.019198 test=0.049570
epoch  2025 train=0.018921 test=0.049272
epoch  2050 train=0.018705 test=0.049240
epoch  2075 train=0.018430 test=0.049091
epoch  2100 train=0.018219 test=0.048858
epoch  2125 train=0.018065 test=0.048774
epoch  2150 train=0.017766 test=0.048830
epoch  2175 train=0.017582 test=0.048644
epoch  2200 train=0.017481 test=0.048708
epoch  2225 train=0.017337 test=0.048473
epoch  2250 train=0.017118 test=0.048160
epoch  2275 train=0.016833 test=0.048028
epoch  2300 train=0.016843 test=0.048063
epoch  2325 train=0.016558 test=0.048171
epoch  2350 train=0.016262 test=0.047752
epoch  2375 train=0.016178 test=0.047890
epoch  2400 train=0.015984 test=0.047627
epoch  2425 train=0.015915 test=0.047389
epoch  2450 train=0.015774 test=0.047228
epoch  2475 train=0.015676 test=0.047353
epoch  2500 train=0.015557 test=0.047107
epoch  2525 train=0.015405 test=0.047311
epoch  2550 train=0.015212 test=0.046950
epoch  2575 train=0.015124 test=0.047132
epoch  2600 train=0.014972 test=0.047147
epoch  2625 train=0.014756 test=0.046679
epoch  2650 train=0.014649 test=0.046719
epoch  2675 train=0.014553 test=0.046528
epoch  2700 train=0.014364 test=0.046527
epoch  2725 train=0.014237 test=0.046608
epoch  2750 train=0.014212 test=0.046576
epoch  2775 train=0.014192 test=0.046519
epoch  2800 train=0.013991 test=0.046279
epoch  2825 train=0.013791 test=0.046454
epoch  2850 train=0.013682 test=0.046394
epoch  2875 train=0.013657 test=0.046054
epoch  2900 train=0.013578 test=0.046192
epoch  2925 train=0.013531 test=0.046319
epoch  2950 train=0.013373 test=0.046428
epoch  2975 train=0.013181 test=0.045721
epoch  3000 train=0.013043 test=0.045921
epoch  3025 train=0.013024 test=0.045952
epoch  3050 train=0.013027 test=0.045679
epoch  3075 train=0.012950 test=0.045871
epoch  3100 train=0.012782 test=0.045668
epoch  3125 train=0.012720 test=0.045847
epoch  3150 train=0.012597 test=0.045748
epoch  3175 train=0.012585 test=0.045429
epoch  3200 train=0.012478 test=0.045679
epoch  3225 train=0.012320 test=0.045291
epoch  3250 train=0.012258 test=0.045399
epoch  3275 train=0.012215 test=0.045421
epoch  3300 train=0.012131 test=0.045205
epoch  3325 train=0.012044 test=0.045241
epoch  3350 train=0.011941 test=0.045198
epoch  3375 train=0.011910 test=0.045134
epoch  3400 train=0.011857 test=0.045166
epoch  3425 train=0.011783 test=0.044905
epoch  3450 train=0.011814 test=0.045268
epoch  3475 train=0.011735 test=0.044988
epoch  3500 train=0.011542 test=0.045056
epoch  3525 train=0.011480 test=0.044886
epoch  3550 train=0.011448 test=0.044853
epoch  3575 train=0.011410 test=0.044937
epoch  3600 train=0.011271 test=0.044939
epoch  3625 train=0.011218 test=0.044552
epoch  3650 train=0.011149 test=0.044542
epoch  3675 train=0.011184 test=0.044670
epoch  3700 train=0.011206 test=0.044391
epoch  3725 train=0.011054 test=0.044560
epoch  3750 train=0.010958 test=0.044511
epoch  3775 train=0.010935 test=0.044713
epoch  3800 train=0.010920 test=0.044663
epoch  3825 train=0.010875 test=0.044664
epoch  3850 train=0.010801 test=0.044467
epoch  3875 train=0.010745 test=0.044428
epoch  3900 train=0.010610 test=0.044484
epoch  3925 train=0.010688 test=0.044430
epoch  3950 train=0.010505 test=0.044355
epoch  3975 train=0.010505 test=0.044543
epoch  4000 train=0.010614 test=0.044395
epoch  4025 train=0.010442 test=0.044188
epoch  4050 train=0.010367 test=0.044171
epoch  4075 train=0.010492 test=0.044484
epoch  4100 train=0.010448 test=0.044313
epoch  4125 train=0.010206 test=0.044111
epoch  4150 train=0.010277 test=0.044145
epoch  4175 train=0.010331 test=0.043877
epoch  4200 train=0.010137 test=0.044076
epoch  4225 train=0.010242 test=0.044184
epoch  4250 train=0.010131 test=0.044089
epoch  4275 train=0.010046 test=0.043988
epoch  4300 train=0.009942 test=0.043781
epoch  4325 train=0.009957 test=0.043588
epoch  4350 train=0.009940 test=0.043984
epoch  4375 train=0.009980 test=0.043664
epoch  4400 train=0.009943 test=0.044034
epoch  4425 train=0.009830 test=0.043812
epoch  4450 train=0.009853 test=0.043658
epoch  4475 train=0.009681 test=0.043519
epoch  4500 train=0.009682 test=0.043451
epoch  4525 train=0.009648 test=0.043568
epoch  4550 train=0.009664 test=0.043322
epoch  4575 train=0.009657 test=0.043337
epoch  4600 train=0.009573 test=0.043402
epoch  4625 train=0.009645 test=0.043373
epoch  4650 train=0.009543 test=0.043608
epoch  4675 train=0.009494 test=0.043504
epoch  4700 train=0.009471 test=0.043460
epoch  4725 train=0.009522 test=0.043585
epoch  4750 train=0.009420 test=0.043179
epoch  4775 train=0.009394 test=0.043374
epoch  4800 train=0.009363 test=0.043457
epoch  4825 train=0.009328 test=0.043263
epoch  4850 train=0.009257 test=0.043274
epoch  4875 train=0.009321 test=0.043189
epoch  4900 train=0.009273 test=0.043303
epoch  4925 train=0.009262 test=0.043409
epoch  4950 train=0.009138 test=0.042997
epoch  4975 train=0.009222 test=0.043062
epoch  5000 train=0.009133 test=0.043143
epoch  5025 train=0.009119 test=0.043287
epoch  5050 train=0.009109 test=0.043120
epoch  5075 train=0.009091 test=0.042919
epoch  5100 train=0.009057 test=0.043250
epoch  5125 train=0.009036 test=0.042900
epoch  5150 train=0.009033 test=0.042959
epoch  5175 train=0.008910 test=0.042791
epoch  5200 train=0.008917 test=0.042935
epoch  5225 train=0.008975 test=0.042914
epoch  5250 train=0.008869 test=0.042657
epoch  5275 train=0.008829 test=0.042705
epoch  5300 train=0.008945 test=0.042745
epoch  5325 train=0.008945 test=0.042666
epoch  5350 train=0.008798 test=0.042801
epoch  5375 train=0.008779 test=0.042515
epoch  5400 train=0.008740 test=0.042662
epoch  5425 train=0.008762 test=0.042457
epoch  5450 train=0.008749 test=0.042590
epoch  5475 train=0.008762 test=0.042743
epoch  5500 train=0.008663 test=0.042497
epoch  5525 train=0.008681 test=0.042642
epoch  5550 train=0.008709 test=0.042414
epoch  5575 train=0.008643 test=0.042469
epoch  5600 train=0.008608 test=0.042251
epoch  5625 train=0.008596 test=0.042541
epoch  5650 train=0.008507 test=0.042189
epoch  5675 train=0.008525 test=0.042350
epoch  5700 train=0.008563 test=0.042688
epoch  5725 train=0.008520 test=0.042592
epoch  5750 train=0.008461 test=0.042050
epoch  5775 train=0.008486 test=0.042211
epoch  5800 train=0.008431 test=0.042283
epoch  5825 train=0.008446 test=0.042323
epoch  5850 train=0.008512 test=0.042459
epoch  5875 train=0.008427 test=0.042132
epoch  5900 train=0.008354 test=0.042278
epoch  5925 train=0.008407 test=0.042149
epoch  5950 train=0.008384 test=0.042154
epoch  5975 train=0.008322 test=0.041985
epoch  6000 train=0.008337 test=0.042056
metrics: training_results/model_selection_loop/D66_width128_lr6e-4_dropout0.05_20260606_103035_utc/metrics_model_loop.json
selection: training_results/model_selection_loop/D66_width128_lr6e-4_dropout0.05_20260606_103035_utc/selection_score.json
weighted_score: 4.022303062677383
rejected: False []

$ git add --force -- colab_worker_logs/colab_worker_cycle_03_20260606_030642_utc.json colab_worker_logs/colab_worker_cycle_07_20260606_032821_utc.json colab_worker_logs/colab_worker_cycle_03_20260606_025207_utc.json colab_worker_logs/colab_worker_cycle_11_20260606_083544_utc.json colab_worker_logs/colab_worker_cycle_09_20260606_032952_utc.json colab_worker_logs/colab_worker_cycle_05_20260606_025747_utc.json colab_worker_logs/colab_worker_cycle_05_20260606_023734_utc.json colab_worker_logs/colab_worker_cycle_10_20260606_031207_utc.json colab_worker_logs/colab_worker_cycle_01_20260606_023529_utc.json colab_worker_logs/colab_worker_cycle_04_20260606_024606_utc.json colab_worker_logs/colab_worker_notebook_smoke_executed_20260606_025512_utc.json colab_worker_logs/colab_worker_cycle_03_20260606_025632_utc.json colab_worker_logs/colab_worker_cycle_06_20260606_030901_utc.json colab_worker_logs/colab_worker_cycle_02_20260606_024503_utc.json colab_worker_logs/uno_feature_regression_enhanced_dataset_bootstrap_executed_20260606_102045_utc.json colab_worker_logs/colab_worker_cycle_04_20260606_030728_utc.json colab_worker_logs/colab_worker_cycle_01_20260606_030509_utc.json colab_worker_logs/colab_worker_cycle_03_20260606_024534_utc.json colab_worker_logs/colab_worker_notebook_smoke_executed_20260606_025741_utc.json colab_worker_logs/colab_worker_cycle_09_20260606_083240_utc.json colab_worker_logs/colab_worker_cycle_05_20260606_082600_utc.json colab_worker_logs/colab_worker_cycle_02_20260606_030555_utc.json colab_worker_logs/colab_worker_cycle_08_20260606_032907_utc.json colab_worker_logs/colab_worker_cycle_04_20260606_082413_utc.json colab_worker_logs/colab_worker_cycle_12_20260606_083701_utc.json colab_worker_logs/colab_worker_cycle_01_20260606_081951_utc.json colab_worker_logs/colab_worker_cycle_05_20260606_032650_utc.json colab_worker_logs/colab_worker_cycle_09_20260606_031120_utc.json colab_worker_logs/colab_worker_cycle_02_20260606_025136_utc.json colab_worker_logs/colab_worker_cycle_03_20260606_032519_utc.json colab_worker_logs/colab_worker_cycle_04_20260606_025710_utc.json colab_worker_logs/colab_worker_cycle_02_20260606_025556_utc.json colab_worker_logs/colab_worker_notebook_smoke_executed_20260606_025627_utc.json colab_worker_logs/colab_worker_cycle_12_20260606_033208_utc.json colab_worker_logs/colab_worker_cycle_02_20260606_082108_utc.json colab_worker_logs/colab_worker_cycle_04_20260606_023703_utc.json colab_worker_logs/colab_worker_cycle_01_20260606_093303_utc.json colab_worker_logs/colab_worker_cycle_02_20260606_023600_utc.json colab_worker_logs/colab_worker_cycle_11_20260606_031253_utc.json colab_worker_logs/colab_worker_cycle_01_20260606_024431_utc.json colab_worker_logs/colab_worker_cycle_08_20260606_083052_utc.json colab_worker_logs/colab_worker_cycle_01_20260606_032349_utc.json colab_worker_logs/colab_worker_cycle_01_20260606_025518_utc.json colab_worker_logs/colab_worker_cycle_07_20260606_030947_utc.json colab_worker_logs/colab_worker_cycle_06_20260606_032736_utc.json colab_worker_logs/colab_worker_cycle_01_20260606_102529_utc.json colab_worker_logs/colab_worker_cycle_06_20260606_082717_utc.json colab_worker_logs/colab_worker_cycle_05_20260606_024637_utc.json colab_worker_logs/colab_worker_cycle_10_20260606_083357_utc.json colab_worker_logs/colab_worker_cycle_02_20260606_032434_utc.json colab_worker_logs/colab_worker_notebook_smoke_executed_20260606_025704_utc.json colab_worker_logs/colab_worker_cycle_03_20260606_023631_utc.json colab_worker_logs/colab_worker_cycle_05_20260606_030814_utc.json colab_worker_logs/colab_worker_notebook_smoke_executed_20260606_025550_utc.json colab_worker_logs/colab_worker_cycle_01_20260606_025104_utc.json colab_worker_logs/colab_worker_cycle_03_20260606_082256_utc.json colab_worker_logs/colab_worker_cycle_05_20260606_025310_utc.json colab_worker_logs/colab_worker_cycle_12_20260606_031340_utc.json colab_worker_logs/colab_worker_cycle_08_20260606_031034_utc.json colab_worker_logs/colab_worker_cycle_11_20260606_033123_utc.json colab_worker_logs/colab_worker_cycle_10_20260606_033038_utc.json colab_worker_logs/colab_worker_cycle_07_20260606_082905_utc.json colab_worker_logs/colab_worker_cycle_04_20260606_032605_utc.json colab_worker_logs/colab_worker_cycle_04_20260606_025239_utc.json colab_worker_logs/colab_worker_20260606_102044_utc.log training_results/model_selection_loop/D66_width128_lr6e-4_dropout0.05_20260606_103035_utc/run_manifest_model_loop.json training_results/model_selection_loop/D66_width128_lr4e-4_dropout0.05_20260606_102435_utc/run_manifest_model_loop.json training_results/model_selection_loop/D66_width128_lr6e-4_dropout0.05_20260606_103035_utc/metrics_model_loop.json training_results/model_selection_loop/D66_width128_lr4e-4_dropout0.05_20260606_102435_utc/metrics_model_loop.json training_results/model_selection_loop/D66_width128_lr6e-4_dropout0.05_20260606_103035_utc/selection_score.json training_results/model_selection_loop/D66_width128_lr4e-4_dropout0.05_20260606_102435_utc/selection_score.json training_results/model_selection_loop/D66_width128_lr6e-4_dropout0.05_20260606_103035_utc/model_registry_model_loop.csv training_results/model_selection_loop/D66_width128_lr4e-4_dropout0.05_20260606_102435_utc/model_registry_model_loop.csv training_results/model_selection_loop/D66_width128_lr6e-4_dropout0.05_20260606_103035_utc/feature_scale_summary.csv training_results/model_selection_loop/D66_width128_lr6e-4_dropout0.05_20260606_103035_utc/training_history_summary.csv training_results/model_selection_loop/D66_width128_lr6e-4_dropout0.05_20260606_103035_utc/target_scale_summary.csv training_results/model_selection_loop/D66_width128_lr4e-4_dropout0.05_20260606_102435_utc/feature_scale_summary.csv training_results/model_selection_loop/D66_width128_lr4e-4_dropout0.05_20260606_102435_utc/training_history_summary.csv training_results/model_selection_loop/D66_width128_lr4e-4_dropout0.05_20260606_102435_utc/target_scale_summary.csv training_results/model_selection_loop/D66_width128_lr6e-4_dropout0.05_20260606_103035_utc/prediction_scatter_model_loop.png training_results/model_selection_loop/D66_width128_lr6e-4_dropout0.05_20260606_103035_utc/training_history_model_loop.png training_results/model_selection_loop/D66_width128_lr4e-4_dropout0.05_20260606_102435_utc/prediction_scatter_model_loop.png training_results/model_selection_loop/D66_width128_lr4e-4_dropout0.05_20260606_102435_utc/training_history_model_loop.png colab_worker_logs/colab_worker_cycle_02_20260606_103119_utc.json

$ git commit -m 'Add Colab model-loop artifacts cycle 2/8'
[main ac89f92] Add Colab model-loop artifacts cycle 2/8
 11 files changed, 1354 insertions(+)
 create mode 100644 colab_worker_logs/colab_worker_cycle_02_20260606_103119_utc.json
 create mode 100644 training_results/model_selection_loop/D66_width128_lr6e-4_dropout0.05_20260606_103035_utc/feature_scale_summary.csv
 create mode 100644 training_results/model_selection_loop/D66_width128_lr6e-4_dropout0.05_20260606_103035_utc/metrics_model_loop.json
 create mode 100644 training_results/model_selection_loop/D66_width128_lr6e-4_dropout0.05_20260606_103035_utc/model_registry_model_loop.csv
 create mode 100644 training_results/model_selection_loop/D66_width128_lr6e-4_dropout0.05_20260606_103035_utc/prediction_scatter_model_loop.png
 create mode 100644 training_results/model_selection_loop/D66_width128_lr6e-4_dropout0.05_20260606_103035_utc/run_manifest_model_loop.json
 create mode 100644 training_results/model_selection_loop/D66_width128_lr6e-4_dropout0.05_20260606_103035_utc/selection_score.json
 create mode 100644 training_results/model_selection_loop/D66_width128_lr6e-4_dropout0.05_20260606_103035_utc/target_scale_summary.csv
 create mode 100644 training_results/model_selection_loop/D66_width128_lr6e-4_dropout0.05_20260606_103035_utc/training_history_model_loop.png
 create mode 100644 training_results/model_selection_loop/D66_width128_lr6e-4_dropout0.05_20260606_103035_utc/training_history_summary.csv

$ git push origin main
To https://github.com/DrYGuo/Aberration-Simulation.git
   3913f5f..ac89f92  main -> main

$ git fetch origin main
From https://github.com/DrYGuo/Aberration-Simulation
 * branch            main       -> FETCH_HEAD

$ git pull --ff-only origin main
From https://github.com/DrYGuo/Aberration-Simulation
 * branch            main       -> FETCH_HEAD
Already up to date.

$ git fetch origin main
From https://github.com/DrYGuo/Aberration-Simulation
 * branch            main       -> FETCH_HEAD

$ git pull --ff-only origin main
From https://github.com/DrYGuo/Aberration-Simulation
 * branch            main       -> FETCH_HEAD
Already up to date.

$ git fetch origin main
From https://github.com/DrYGuo/Aberration-Simulation
 * branch            main       -> FETCH_HEAD

$ git pull --ff-only origin main
From https://github.com/DrYGuo/Aberration-Simulation
 * branch            main       -> FETCH_HEAD
Already up to date.

$ git fetch origin main
From https://github.com/DrYGuo/Aberration-Simulation
 * branch            main       -> FETCH_HEAD
   ac89f92..8cc7c24  main       -> origin/main

$ git pull --ff-only origin main
From https://github.com/DrYGuo/Aberration-Simulation
 * branch            main       -> FETCH_HEAD
Updating ac89f92..8cc7c24
Fast-forward
 experiments/colab_worker_model_loop.json | 6 +++---
 1 file changed, 3 insertions(+), 3 deletions(-)

$ python3 scripts/run_model_selection_candidate.py --family enhanced --candidate-id D66_width128_lr8e-4_dropout0.05 --search-root training_results --output-root training_results/model_selection_loop --hidden-dim 128 --dropout 0.05 --learning-rate 8e-4 --weight-decay 1e-4 --residual-penalty 3e-3 --max-epochs 6000 --eval-every 25 --patience-epochs 1000 --easy-regression-limit 0.10 --baseline-metrics experiments/baselines/enhanced_v2_architecture_d_metrics.json --bootstrap-if-missing --bootstrap-notebook notebooks/uno_feature_regression_enhanced_dataset_bootstrap.ipynb --bootstrap-timeout 3600
candidate: D66_width128_lr8e-4_dropout0.05
family: enhanced
source CSV: /content/Aberration-Simulation/training_results/feature_regression_enhanced/enhanced_v2_coupled16k_stratified_dropout_20260606_102054_utc/training_features_enhanced.csv
features: 66
output: training_results/model_selection_loop/D66_width128_lr8e-4_dropout0.05_20260606_103252_utc
epoch     1 train=1.595348 test=1.599969
epoch    25 train=0.677592 test=0.679604
epoch    50 train=0.321399 test=0.326903
epoch    75 train=0.217038 test=0.222383
epoch   100 train=0.179881 test=0.185451
epoch   125 train=0.157618 test=0.164014
epoch   150 train=0.141189 test=0.148778
epoch   175 train=0.126399 test=0.135339
epoch   200 train=0.113239 test=0.123777
epoch   225 train=0.102829 test=0.114956
epoch   250 train=0.094670 test=0.107828
epoch   275 train=0.088134 test=0.102090
epoch   300 train=0.082528 test=0.097304
epoch   325 train=0.077996 test=0.093534
epoch   350 train=0.073871 test=0.090160
epoch   375 train=0.070284 test=0.087410
epoch   400 train=0.067137 test=0.084912
epoch   425 train=0.064073 test=0.082514
epoch   450 train=0.061651 test=0.080792
epoch   475 train=0.059092 test=0.078714
epoch   500 train=0.056717 test=0.076875
epoch   525 train=0.054776 test=0.075663
epoch   550 train=0.052845 test=0.073964
epoch   575 train=0.050954 test=0.072848
epoch   600 train=0.049105 test=0.071490
epoch   625 train=0.047498 test=0.070254
epoch   650 train=0.046062 test=0.069206
epoch   675 train=0.044537 test=0.068045
epoch   700 train=0.043429 test=0.067526
epoch   725 train=0.042291 test=0.066658
epoch   750 train=0.040899 test=0.065770
epoch   775 train=0.039692 test=0.064694
epoch   800 train=0.038570 test=0.064015
epoch   825 train=0.037438 test=0.063231
epoch   850 train=0.036632 test=0.062334
epoch   875 train=0.035490 test=0.061542
epoch   900 train=0.034691 test=0.061255
epoch   925 train=0.033731 test=0.060402
epoch   950 train=0.033015 test=0.059744
epoch   975 train=0.032224 test=0.059163
epoch  1000 train=0.031642 test=0.059139
epoch  1025 train=0.030897 test=0.058401
epoch  1050 train=0.030007 test=0.057721
epoch  1075 train=0.029327 test=0.057326
epoch  1100 train=0.028827 test=0.057007
epoch  1125 train=0.028199 test=0.056630
epoch  1150 train=0.027676 test=0.056309
epoch  1175 train=0.027155 test=0.055973
epoch  1200 train=0.026631 test=0.055702
epoch  1225 train=0.025977 test=0.055282
epoch  1250 train=0.025606 test=0.055096
epoch  1275 train=0.024960 test=0.054791
epoch  1300 train=0.024643 test=0.054395
epoch  1325 train=0.024059 test=0.053926
epoch  1350 train=0.023749 test=0.053578
epoch  1375 train=0.023187 test=0.053483
epoch  1400 train=0.022960 test=0.053399
epoch  1425 train=0.022517 test=0.053094
epoch  1450 train=0.022108 test=0.052672
epoch  1475 train=0.021743 test=0.052539
epoch  1500 train=0.021418 test=0.052388
epoch  1525 train=0.021043 test=0.052182
epoch  1550 train=0.020740 test=0.051613
epoch  1575 train=0.020537 test=0.051756
epoch  1600 train=0.020088 test=0.051600
epoch  1625 train=0.019763 test=0.051306
epoch  1650 train=0.019441 test=0.050993
epoch  1675 train=0.019301 test=0.050672
epoch  1700 train=0.018907 test=0.050484
epoch  1725 train=0.018679 test=0.050339
epoch  1750 train=0.018364 test=0.050378
epoch  1775 train=0.018199 test=0.050385
epoch  1800 train=0.017988 test=0.050158
epoch  1825 train=0.017714 test=0.050054
epoch  1850 train=0.017608 test=0.049191
epoch  1875 train=0.017355 test=0.049503
epoch  1900 train=0.017177 test=0.049533
epoch  1925 train=0.016829 test=0.048989
epoch  1950 train=0.016688 test=0.049109
epoch  1975 train=0.016506 test=0.048902
epoch  2000 train=0.016217 test=0.048745
epoch  2025 train=0.015972 test=0.048223
epoch  2050 train=0.015736 test=0.048068
epoch  2075 train=0.015659 test=0.047993
epoch  2100 train=0.015598 test=0.047871
epoch  2125 train=0.015285 test=0.047716
epoch  2150 train=0.015194 test=0.047691
epoch  2175 train=0.014942 test=0.047641
epoch  2200 train=0.014910 test=0.047433
epoch  2225 train=0.014551 test=0.047316
epoch  2250 train=0.014545 test=0.047286
epoch  2275 train=0.014421 test=0.047095
epoch  2300 train=0.014241 test=0.046945
epoch  2325 train=0.014144 test=0.047124
epoch  2350 train=0.014060 test=0.046554
epoch  2375 train=0.013925 test=0.046662
epoch  2400 train=0.013717 test=0.046649
epoch  2425 train=0.013545 test=0.046668
epoch  2450 train=0.013392 test=0.046426
epoch  2475 train=0.013390 test=0.046359
epoch  2500 train=0.013182 test=0.046226
epoch  2525 train=0.013024 test=0.045997
epoch  2550 train=0.012912 test=0.045939
epoch  2575 train=0.012858 test=0.046011
epoch  2600 train=0.012766 test=0.045868
epoch  2625 train=0.012730 test=0.045924
epoch  2650 train=0.012592 test=0.045798
epoch  2675 train=0.012498 test=0.045448
epoch  2700 train=0.012402 test=0.045371
epoch  2725 train=0.012232 test=0.045610
epoch  2750 train=0.012163 test=0.045535
epoch  2775 train=0.012182 test=0.045315
epoch  2800 train=0.012094 test=0.045274
epoch  2825 train=0.011893 test=0.045095
epoch  2850 train=0.011818 test=0.045197
epoch  2875 train=0.011891 test=0.045340
epoch  2900 train=0.011671 test=0.045150
epoch  2925 train=0.011600 test=0.045037
epoch  2950 train=0.011666 test=0.044998
epoch  2975 train=0.011441 test=0.045120
epoch  3000 train=0.011357 test=0.044802
epoch  3025 train=0.011299 test=0.044694
epoch  3050 train=0.011260 test=0.044597
epoch  3075 train=0.011266 test=0.044675
epoch  3100 train=0.011101 test=0.044501
epoch  3125 train=0.011053 test=0.044763
epoch  3150 train=0.010886 test=0.044433
epoch  3175 train=0.010887 test=0.044810
epoch  3200 train=0.010806 test=0.044472
epoch  3225 train=0.010760 test=0.044399
epoch  3250 train=0.010750 test=0.044420
epoch  3275 train=0.010599 test=0.044458
epoch  3300 train=0.010582 test=0.044143
epoch  3325 train=0.010566 test=0.044449
epoch  3350 train=0.010458 test=0.044310
epoch  3375 train=0.010518 test=0.044108
epoch  3400 train=0.010319 test=0.043810
epoch  3425 train=0.010383 test=0.044286
epoch  3450 train=0.010356 test=0.044134
epoch  3475 train=0.010220 test=0.043704
epoch  3500 train=0.010154 test=0.043990
epoch  3525 train=0.010175 test=0.043852
epoch  3550 train=0.010081 test=0.044081
epoch  3575 train=0.009991 test=0.043993
epoch  3600 train=0.009982 test=0.043589
epoch  3625 train=0.009994 test=0.043820
epoch  3650 train=0.009919 test=0.043981
epoch  3675 train=0.009918 test=0.043464
epoch  3700 train=0.009823 test=0.043446
epoch  3725 train=0.009768 test=0.043406
epoch  3750 train=0.009745 test=0.043405
epoch  3775 train=0.009730 test=0.043293
epoch  3800 train=0.009767 test=0.043363
epoch  3825 train=0.009634 test=0.043232
epoch  3850 train=0.009566 test=0.042986
epoch  3875 train=0.009611 test=0.043370
epoch  3900 train=0.009588 test=0.043284
epoch  3925 train=0.009596 test=0.043138
epoch  3950 train=0.009428 test=0.043136
epoch  3975 train=0.009359 test=0.043151
epoch  4000 train=0.009423 test=0.043157
epoch  4025 train=0.009315 test=0.042768
epoch  4050 train=0.009337 test=0.043073
epoch  4075 train=0.009348 test=0.042813
epoch  4100 train=0.009258 test=0.042844
epoch  4125 train=0.009212 test=0.043071
epoch  4150 train=0.009129 test=0.042763
epoch  4175 train=0.009190 test=0.042807
epoch  4200 train=0.009193 test=0.042720
epoch  4225 train=0.009125 test=0.042735
epoch  4250 train=0.009075 test=0.042671
epoch  4275 train=0.009068 test=0.042437
epoch  4300 train=0.009062 test=0.042799
epoch  4325 train=0.008977 test=0.042515
epoch  4350 train=0.008995 test=0.042412
epoch  4375 train=0.008969 test=0.042819
epoch  4400 train=0.008897 test=0.042446
epoch  4425 train=0.008876 test=0.042649
epoch  4450 train=0.008881 test=0.042477
epoch  4475 train=0.008863 test=0.042401
epoch  4500 train=0.008775 test=0.042600
epoch  4525 train=0.008811 test=0.042616
epoch  4550 train=0.008721 test=0.042584
epoch  4575 train=0.008757 test=0.042284
epoch  4600 train=0.008759 test=0.042634
epoch  4625 train=0.008760 test=0.042484
epoch  4650 train=0.008633 test=0.042158
epoch  4675 train=0.008710 test=0.042094
epoch  4700 train=0.008655 test=0.042076
epoch  4725 train=0.008579 test=0.042189
epoch  4750 train=0.008578 test=0.042127
epoch  4775 train=0.008582 test=0.042175
epoch  4800 train=0.008405 test=0.042351
epoch  4825 train=0.008568 test=0.042013
epoch  4850 train=0.008448 test=0.042516
epoch  4875 train=0.008460 test=0.041994
epoch  4900 train=0.008496 test=0.042224
epoch  4925 train=0.008391 test=0.042162
epoch  4950 train=0.008379 test=0.042171
epoch  4975 train=0.008387 test=0.042120
epoch  5000 train=0.008296 test=0.041986
epoch  5025 train=0.008418 test=0.042123
epoch  5050 train=0.008286 test=0.042073
epoch  5075 train=0.008394 test=0.042065
epoch  5100 train=0.008276 test=0.042033
epoch  5125 train=0.008258 test=0.041625
epoch  5150 train=0.008284 test=0.042098
epoch  5175 train=0.008422 test=0.041949
epoch  5200 train=0.008220 test=0.041940
epoch  5225 train=0.008199 test=0.042115
epoch  5250 train=0.008220 test=0.042094
epoch  5275 train=0.008199 test=0.041875
epoch  5300 train=0.008177 test=0.041927
epoch  5325 train=0.008159 test=0.042049
epoch  5350 train=0.008053 test=0.042014
epoch  5375 train=0.008139 test=0.042046
epoch  5400 train=0.008028 test=0.041912
epoch  5425 train=0.008078 test=0.042156
epoch  5450 train=0.008104 test=0.041916
epoch  5475 train=0.008050 test=0.041928
epoch  5500 train=0.008015 test=0.041920
epoch  5525 train=0.007952 test=0.041889
epoch  5550 train=0.008053 test=0.042033
epoch  5575 train=0.007925 test=0.041834
epoch  5600 train=0.008027 test=0.041962
epoch  5625 train=0.008049 test=0.042044
epoch  5650 train=0.007976 test=0.041946
epoch  5675 train=0.007922 test=0.041942
epoch  5700 train=0.007897 test=0.042091
epoch  5725 train=0.007947 test=0.041998
epoch  5750 train=0.008006 test=0.042044
epoch  5775 train=0.007836 test=0.041697
epoch  5800 train=0.007868 test=0.041786
epoch  5825 train=0.007820 test=0.041587
epoch  5850 train=0.007849 test=0.041593
epoch  5875 train=0.007880 test=0.041686
epoch  5900 train=0.007841 test=0.041697
epoch  5925 train=0.007950 test=0.041705
epoch  5950 train=0.007809 test=0.041858
epoch  5975 train=0.007710 test=0.041338
epoch  6000 train=0.007734 test=0.041463
metrics: training_results/model_selection_loop/D66_width128_lr8e-4_dropout0.05_20260606_103252_utc/metrics_model_loop.json
selection: training_results/model_selection_loop/D66_width128_lr8e-4_dropout0.05_20260606_103252_utc/selection_score.json
weighted_score: 3.9695181369781496
rejected: False []
